// Jest Snapshot v1, https://goo.gl/fbAQLP

exports[`prints information for debugging comment attachment with --debug-print-comments (stdout) 1`] = `""`;

exports[`prints information for debugging comment attachment with --debug-print-comments (write) 1`] = `Array []`;
