// Jest Snapshot v1, https://goo.gl/fbAQLP

exports[`skip folders passed specifically (stdout) 1`] = `""`;

exports[`skip folders passed specifically (write) 1`] = `Array []`;

exports[`skips folders in glob (stdout) 1`] = `""`;

exports[`skips folders in glob (write) 1`] = `Array []`;
